
> gdrive-cli@1.0.0 test
> jest --runInBand

node.exe : PASS tests/clone.test.js
At line:1 char:1
+ & "C:\Program Files\nodejs/node.exe" "C:\Program Files\nodejs/node_mo ...
+ ~~~~~~~~~~~~~~~~~~~~~~~~~~~~~~~~~~~~~~~~~~~~~~~~~~~~~~~~~~~~~~~~~~~~~
    + CategoryInfo          : NotSpecified: (PASS tests/clone.test.js:String) [], RemoteException
    + FullyQualifiedErrorId : NativeCommandError
 
  clone ΓÇö parseFolderId integration
    ΓêÜ extracts folder ID from a full Drive URL (1 ms)
    ΓêÜ accepts a raw folder ID directly
    ΓêÜ throws on an invalid URL without a folders/ segment (8 ms)
  clone ΓÇö file download flow
    ΓêÜ downloads all files returned by listFilesRecursive (2 ms)
    ΓêÜ calls writeConfig with the correct folderId and remoteName
    ΓêÜ calls writeIndex after all files are downloaded
    ΓêÜ builds the index entry with matching local and drive md5 after download
    ΓêÜ handles an empty remote folder without errors (1 ms)
  clone ΓÇö mime type validation
    ΓêÜ rejects non-folder targets
    ΓêÜ accepts folder mime type

PASS tests/index.test.js
  Constants
    ΓêÜ exports the expected path constants (2 ms)
  writeConfig / readConfig
    ΓêÜ round-trips a config object to disk (4 ms)
    ΓêÜ creates parent directories automatically (2 ms)
    ΓêÜ throws a helpful error when config file does not exist (10 ms)
    ΓêÜ preserves all config fields including nested objects (3 ms)
  writeIndex / readIndex
    ΓêÜ returns empty index when no index file exists (1 ms)
    ΓêÜ round-trips an index object to disk (2 ms)
    ΓêÜ overwrites existing index on second write (3 ms)
  loadIgnorePatterns
    ΓêÜ returns defaults when .gdriveignore does not exist (1 ms)
    ΓêÜ merges user patterns with defaults (2 ms)
    ΓêÜ ignores comment lines and blank lines in .gdriveignore (2 ms)
  shouldIgnore
    ΓêÜ ignores files inside .gdrive/
    ΓêÜ ignores files inside node_modules/
    ΓêÜ ignores .DS_Store exactly (1 ms)
    ΓêÜ ignores files matching *.tmp glob
    ΓêÜ does not ignore normal files
    ΓêÜ does not ignore files that partially match a directory pattern (1 ms)
    ΓêÜ ignores custom extension patterns
    ΓêÜ ignores custom directory patterns (1 ms)
  scanLocalFiles
    ΓêÜ returns an empty object for an empty directory (1 ms)
    ΓêÜ detects files and returns their md5 (4 ms)
    ΓêÜ recursively scans subdirectories (3 ms)
    ΓêÜ excludes .gdrive/ directory from scan (3 ms)
    ΓêÜ does not include .tmp files ΓÇö they are excluded by shouldIgnoreRel (2 ms)
    ΓêÜ produces consistent md5 for identical content (3 ms)
    ΓêÜ produces different md5 for different content (3 ms)

PASS tests/diff.test.js
  classifyDiff
    identical
      ΓêÜ returns identical when local and remote md5 match (1 ms)
      ΓêÜ returns identical when no index exists but md5 matches
    localOnly
      ΓêÜ returns localOnly when file exists locally but not on remote
      ΓêÜ returns localOnly even when indexed but remote is gone
    remoteOnly
      ΓêÜ returns remoteOnly when file exists on remote but not locally
    localAhead
      ΓêÜ returns localAhead when only local md5 has changed
    remoteAhead
      ΓêÜ returns remoteAhead when only remote md5 has changed
    conflict
      ΓêÜ returns conflict when both local and remote have changed
      ΓêÜ returns conflict when both exist but no index entry (1 ms)
    edge cases
      ΓêÜ handles null remote md5 (Google Docs native format)
      ΓêÜ returns conflict for two null md5 values ΓÇö both sides exist but are untrackable
  sizeDelta
    ΓêÜ returns hasDelta false when sizes are equal
    ΓêÜ returns positive delta when local is larger
    ΓêÜ returns negative delta when remote is larger
    ΓêÜ returns hasDelta false when either size is null
  classifyDiff ΓÇö bulk scenario simulation
    ΓêÜ correctly classifies a mixed set of files

  console.log
    
    Authenticating with Google Drive

      at log (src/auth.js:198:11)

  console.log
      Listening on http://localhost:4242

      at log (src/auth.js:266:15)

  console.log
      Opening browser...

      at log (src/auth.js:271:15)

  console.log
    
      If the browser did not open, visit this URL manually:
      https://accounts.google.com/auth?mock=1

      at log (src/auth.js:274:17)

  console.log
      Waiting for Google to redirect back...

      at log (src/auth.js:283:15)

  console.log
    
    Authentication successful.

      at log (src/auth.js:208:11)

  console.log
      Migrating token from file to OS credential store...

      at log (src/auth.js:91:15)

  console.log
    Migration complete.

      at log (src/auth.js:95:15)

PASS tests/auth.test.js
  CREDENTIALS_PATH / TOKEN_PATH
    ΓêÜ are stored in the home directory under .gdrive/ (1 ms)
  getAuthClient
    ΓêÜ throws a descriptive error when credentials file is missing (6 ms)
    ΓêÜ returns an OAuth2 client when credentials and keytar token both exist (1 ms)
    ΓêÜ registers a token refresh listener when a stored token is found
    ΓêÜ runs the browser OAuth flow when no token is stored (18 ms)
    ΓêÜ falls back to file-based token when keytar is unavailable (1 ms)
  deleteToken
    ΓêÜ removes the keytar entry
    ΓêÜ also removes the legacy token file if it exists (1 ms)
    ΓêÜ does not attempt to remove legacy file when it does not exist

PASS tests/drive.test.js
  getDriveClient
    ΓêÜ calls google.drive with v3 and the supplied auth object
  parseFolderId
    ΓêÜ extracts ID from a standard Drive folder URL (1 ms)
    ΓêÜ extracts ID from a /u/0/ style URL
    ΓêÜ returns a raw ID when a plain folder ID string is passed (1 ms)
    ΓêÜ handles folder IDs with hyphens and underscores
    ΓêÜ throws on a string that is too short to be a valid ID (7 ms)
    ΓêÜ throws on an empty string (1 ms)
  listFilesRecursive
    ΓêÜ returns a flat list of files from a single-page response
    ΓêÜ prepends the relativePath prefix when called recursively
    ΓêÜ recurses into sub-folders and includes their files (1 ms)
    ΓêÜ follows pagination via nextPageToken until exhausted
    ΓêÜ returns an empty array for an empty folder (1 ms)
  downloadFile
    ΓêÜ creates the destination directory and resolves when the stream finishes (7 ms)
    ΓêÜ rejects when the readable stream emits an error (1 ms)
  uploadFile
    ΓêÜ calls files.create when no existingFileId is provided
    ΓêÜ calls files.update when an existingFileId is provided
  ensureFolder
    ΓêÜ returns the existing folder ID without creating a new folder
    ΓêÜ creates a new folder when none exists and returns its ID (1 ms)
  createRootFolder
    ΓêÜ creates a folder at the root of My Drive and returns its metadata
    ΓêÜ does not pass a parents array ΓÇö folder is created in My Drive root
  getRevisions
    ΓêÜ returns the revisions array from the API response (1 ms)
    ΓêÜ returns an empty array when the revisions field is absent
    ΓêÜ passes the correct fileId to the revisions.list API call

PASS tests/push-pull.test.js
  computePushList
    ΓêÜ returns an empty list when nothing has changed (1 ms)
    ΓêÜ marks locally modified files for upload
    ΓêÜ marks new local files (not in index) for upload as isNew
    ΓêÜ sets driveId from the remote map when the file exists on Drive
    ΓêÜ falls back to the indexed driveId when the file is absent from the remote map
    ΓêÜ uploads all files when force=true, even unchanged ones
    ΓêÜ handles a mix of changed, unchanged, and new files correctly
  computeDeleteList
    ΓêÜ returns files that are tracked in the index but deleted locally
    ΓêÜ skips files that are not on remote (already deleted remotely)
    ΓêÜ does not include files that still exist locally (1 ms)
  computePullList
    ΓêÜ returns empty lists when everything is up to date
    ΓêÜ adds a file to toDownload when only the remote has changed
    ΓêÜ flags a conflict when both local and remote have changed independently
    ΓêÜ adds new remote files (not in index) to toDownload
    ΓêÜ correctly categorises a mixed set of files in a single call

PASS tests/status.test.js
  classifyFile - state machine
    upToDate
      ΓêÜ returns upToDate when all three hashes match (1 ms)
    localNew
      ΓêÜ returns localNew for a file that only exists locally
    localModified
      ΓêÜ returns localModified when only the local md5 has changed
    localDeleted
      ΓêÜ returns localDeleted when the file is missing locally but exists in index and remote
    remoteNew
      ΓêÜ returns remoteNew for a file that only exists on remote
    remoteModified
      ΓêÜ returns remoteModified when only the remote md5 has changed
    remoteDeleted
      ΓêÜ returns remoteDeleted when remote is gone but local is unchanged
    conflict
      ΓêÜ returns conflict when both local and remote have changed
      ΓêÜ returns conflict when local is modified and remote was deleted (1 ms)
    edge cases
      ΓêÜ handles null md5Checksum from remote (Google Docs native format)
      ΓêÜ treats a file as localNew even with a full 32-char md5 hash
      ΓêÜ treats identical hashes after a no-op edit as upToDate
  classifyFile - bulk scenario simulation
    ΓêÜ correctly classifies a mixed set of files in a single pass (1 ms)

Test Suites: 7 passed, 7 total
Tests:       112 passed, 112 total
Snapshots:   0 total
Time:        1.34 s, estimated 2 s
Ran all test suites.
